---
version: 1
interactions:
- request:
    body: ""
    form: {}
    url: http://wit:8080/api/deployments/spaces/aec5f659-0680-4633-8599-5f14f1deeabc
    method: GET
  response:
    body: '{
  "data": {
    "attributes": {
      "applications": [
        {
          "attributes": {
            "deployments": [
              {
                "attributes": {
                  "name": "stage",
                  "pod_total": 1,
                  "pods": [
                    [
                      "Running",
                      "1"
                    ]
                  ],
                  "pods_quota": {
                    "cpucores": 1,
                    "memory": 536870912
                  },
                  "version": "1.0.1"
                },
                "id": "stage",
                "links": {
                  "application": "",
                  "console": "",
                  "logs": ""
                },
                "type": "deployment"
              },
              {
                "attributes": {
                  "name": "run",
                  "pod_total": 1,
                  "pods": [
                    [
                      "Running",
                      "1"
                    ]
                  ],
                  "pods_quota": {
                    "cpucores": 1,
                    "memory": 536870912
                  },
                  "version": "1.0.1"
                },
                "id": "run",
                "links": {
                  "application": "",
                  "console": "",
                  "logs": ""
                },
                "type": "deployment"
              }
            ],
            "name": "testspace1"
          },
          "id": "testspace1",
          "type": "application"
        },
        {
          "attributes": {
            "deployments": [
              {
                "attributes": {
                  "name": "stage",
                  "pod_total": 1,
                  "pods": [
                    [
                      "Running",
                      "1"
                    ]
                  ],
                  "pods_quota": {
                    "cpucores": 1,
                    "memory": 536870912
                  },
                  "version": "1.0.1"
                },
                "id": "stage",
                "links": {
                  "application": "",
                  "console": "",
                  "logs": ""
                },
                "type": "deployment"
              },
              {
                "attributes": {
                  "name": "run",
                  "pod_total": 1,
                  "pods": [
                    [
                      "Running",
                      "1"
                    ]
                  ],
                  "pods_quota": {
                    "cpucores": 1,
                    "memory": 536870912
                  },
                  "version": "1.0.1"
                },
                "id": "run",
                "links": {
                  "application": "",
                  "console": "",
                  "logs": ""
                },
                "type": "deployment"
              }
            ],
            "name": "testspace2"
          },
          "id": "testspace2",
          "type": "application"
        }
      ],
      "name": "testspace"
    },
    "id": "aec5f659-0680-4633-8599-5f14f1deeabc",
    "type": "space"
  }
}'
    # headers:

    status: 200 OK
    code: 200
- request:
    url: http://wit:8080/api/deployments/spaces/aec5f659-0680-4633-8599-5f14f1deeabc/applications/testspace1/deployments/stage
    method: DELETE
  response:
    # headers:
    status: 200 OK
    code: 200
- request:
    url: http://wit:8080/api/deployments/spaces/aec5f659-0680-4633-8599-5f14f1deeabc/applications/testspace1/deployments/run
    method: DELETE
  response:
    # headers:
    status: 200 OK
    code: 200
- request:
    url: http://wit:8080/api/deployments/spaces/aec5f659-0680-4633-8599-5f14f1deeabc/applications/testspace2/deployments/stage
    method: DELETE
  response:
    # headers:
    status: 200 OK
    code: 200
- request:
    url: http://wit:8080/api/deployments/spaces/aec5f659-0680-4633-8599-5f14f1deeabc/applications/testspace2/deployments/run
    method: DELETE
  response:
    # headers:
    status: 200 OK
    code: 200
